// Jest Snapshot v1, https://goo.gl/fbAQLP

exports[`LearningObjective should render correctly 1`] = `
ShallowWrapper {
  Symbol(enzyme.__root__): [Circular],
  Symbol(enzyme.__unrendered__): <LearningObjective
    match={
      Object {
        "params": Object {
          "id": 1,
        },
      }
    }
  />,
  Symbol(enzyme.__renderer__): Object {
    "batchedUpdates": [Function],
    "getNode": [Function],
    "render": [Function],
    "simulateError": [Function],
    "simulateEvent": [Function],
    "unmount": [Function],
  },
  Symbol(enzyme.__node__): Object {
    "instance": null,
    "key": undefined,
    "nodeType": "host",
    "props": Object {
      "children": Array [
        <Header
          as="h1"
        >
          Learning Objective 
        </Header>,
        <Header
          as="h3"
        />,
        <Header
          as="h4"
        >
          Micro Learning Events:
        </Header>,
        <LearningEventsList
          course_id={1}
        />,
      ],
    },
    "ref": null,
    "rendered": Array [
      Object {
        "instance": null,
        "key": undefined,
        "nodeType": "function",
        "props": Object {
          "as": "h1",
          "children": Array [
            "Learning Objective ",
            undefined,
          ],
        },
        "ref": null,
        "rendered": Array [
          "Learning Objective ",
          undefined,
        ],
        "type": [Function],
      },
      Object {
        "instance": null,
        "key": undefined,
        "nodeType": "function",
        "props": Object {
          "as": "h3",
          "children": undefined,
        },
        "ref": null,
        "rendered": null,
        "type": [Function],
      },
      Object {
        "instance": null,
        "key": undefined,
        "nodeType": "function",
        "props": Object {
          "as": "h4",
          "children": "Micro Learning Events:",
        },
        "ref": null,
        "rendered": "Micro Learning Events:",
        "type": [Function],
      },
      Object {
        "instance": null,
        "key": undefined,
        "nodeType": "class",
        "props": Object {
          "course_id": 1,
          "module_id": undefined,
        },
        "ref": null,
        "rendered": null,
        "type": [Function],
      },
    ],
    "type": "div",
  },
  Symbol(enzyme.__nodes__): Array [
    Object {
      "instance": null,
      "key": undefined,
      "nodeType": "host",
      "props": Object {
        "children": Array [
          <Header
            as="h1"
          >
            Learning Objective 
          </Header>,
          <Header
            as="h3"
          />,
          <Header
            as="h4"
          >
            Micro Learning Events:
          </Header>,
          <LearningEventsList
            course_id={1}
          />,
        ],
      },
      "ref": null,
      "rendered": Array [
        Object {
          "instance": null,
          "key": undefined,
          "nodeType": "function",
          "props": Object {
            "as": "h1",
            "children": Array [
              "Learning Objective ",
              undefined,
            ],
          },
          "ref": null,
          "rendered": Array [
            "Learning Objective ",
            undefined,
          ],
          "type": [Function],
        },
        Object {
          "instance": null,
          "key": undefined,
          "nodeType": "function",
          "props": Object {
            "as": "h3",
            "children": undefined,
          },
          "ref": null,
          "rendered": null,
          "type": [Function],
        },
        Object {
          "instance": null,
          "key": undefined,
          "nodeType": "function",
          "props": Object {
            "as": "h4",
            "children": "Micro Learning Events:",
          },
          "ref": null,
          "rendered": "Micro Learning Events:",
          "type": [Function],
        },
        Object {
          "instance": null,
          "key": undefined,
          "nodeType": "class",
          "props": Object {
            "course_id": 1,
            "module_id": undefined,
          },
          "ref": null,
          "rendered": null,
          "type": [Function],
        },
      ],
      "type": "div",
    },
  ],
  Symbol(enzyme.__options__): Object {
    "adapter": ReactSixteenAdapter {
      "options": Object {
        "enableComponentDidUpdateOnSetState": true,
        "lifecycles": Object {
          "componentDidUpdate": Object {
            "onSetState": true,
          },
          "getDerivedStateFromProps": true,
          "getSnapshotBeforeUpdate": true,
          "setState": Object {
            "skipsComponentDidUpdateOnNullish": true,
          },
        },
      },
    },
  },
}
`;
