// Jest Snapshot v1, https://goo.gl/fbAQLP

exports[`TopicContentViewList should render correctly 1`] = `
ShallowWrapper {
  Symbol(enzyme.__root__): [Circular],
  Symbol(enzyme.__unrendered__): <TopicContentEventList />,
  Symbol(enzyme.__renderer__): Object {
    "batchedUpdates": [Function],
    "getNode": [Function],
    "render": [Function],
    "simulateError": [Function],
    "simulateEvent": [Function],
    "unmount": [Function],
  },
  Symbol(enzyme.__node__): Object {
    "instance": null,
    "key": undefined,
    "nodeType": "function",
    "props": Object {
      "children": <div>
        <ItemGroup
          divided={true}
        >
          <Item>
            <ItemImage
              size="tiny"
              src="https://via.placeholder.com/50"
            />
            <ItemContent>
              <ItemHeader>
                Learning Event Test Title
              </ItemHeader>
              <ItemMeta>
                No Data
              </ItemMeta>
            </ItemContent>
          </Item>
        </ItemGroup>
      </div>,
    },
    "ref": null,
    "rendered": Object {
      "instance": null,
      "key": undefined,
      "nodeType": "host",
      "props": Object {
        "children": <ItemGroup
          divided={true}
        >
          <Item>
            <ItemImage
              size="tiny"
              src="https://via.placeholder.com/50"
            />
            <ItemContent>
              <ItemHeader>
                Learning Event Test Title
              </ItemHeader>
              <ItemMeta>
                No Data
              </ItemMeta>
            </ItemContent>
          </Item>
        </ItemGroup>,
      },
      "ref": null,
      "rendered": Object {
        "instance": null,
        "key": undefined,
        "nodeType": "function",
        "props": Object {
          "children": <Item>
            <ItemImage
              size="tiny"
              src="https://via.placeholder.com/50"
            />
            <ItemContent>
              <ItemHeader>
                Learning Event Test Title
              </ItemHeader>
              <ItemMeta>
                No Data
              </ItemMeta>
            </ItemContent>
          </Item>,
          "divided": true,
        },
        "ref": null,
        "rendered": Object {
          "instance": null,
          "key": undefined,
          "nodeType": "function",
          "props": Object {
            "children": Array [
              <ItemImage
                size="tiny"
                src="https://via.placeholder.com/50"
              />,
              <ItemContent>
                <ItemHeader>
                  Learning Event Test Title
                </ItemHeader>
                <ItemMeta>
                  No Data
                </ItemMeta>
              </ItemContent>,
            ],
          },
          "ref": null,
          "rendered": Array [
            Object {
              "instance": null,
              "key": undefined,
              "nodeType": "function",
              "props": Object {
                "size": "tiny",
                "src": "https://via.placeholder.com/50",
              },
              "ref": null,
              "rendered": null,
              "type": [Function],
            },
            Object {
              "instance": null,
              "key": undefined,
              "nodeType": "function",
              "props": Object {
                "children": Array [
                  <ItemHeader>
                    Learning Event Test Title
                  </ItemHeader>,
                  <ItemMeta>
                    No Data
                  </ItemMeta>,
                ],
              },
              "ref": null,
              "rendered": Array [
                Object {
                  "instance": null,
                  "key": undefined,
                  "nodeType": "function",
                  "props": Object {
                    "children": "Learning Event Test Title",
                  },
                  "ref": null,
                  "rendered": "Learning Event Test Title",
                  "type": [Function],
                },
                Object {
                  "instance": null,
                  "key": undefined,
                  "nodeType": "function",
                  "props": Object {
                    "children": "No Data",
                  },
                  "ref": null,
                  "rendered": "No Data",
                  "type": [Function],
                },
              ],
              "type": [Function],
            },
          ],
          "type": [Function],
        },
        "type": [Function],
      },
      "type": "div",
    },
    "type": [Function],
  },
  Symbol(enzyme.__nodes__): Array [
    Object {
      "instance": null,
      "key": undefined,
      "nodeType": "function",
      "props": Object {
        "children": <div>
          <ItemGroup
            divided={true}
          >
            <Item>
              <ItemImage
                size="tiny"
                src="https://via.placeholder.com/50"
              />
              <ItemContent>
                <ItemHeader>
                  Learning Event Test Title
                </ItemHeader>
                <ItemMeta>
                  No Data
                </ItemMeta>
              </ItemContent>
            </Item>
          </ItemGroup>
        </div>,
      },
      "ref": null,
      "rendered": Object {
        "instance": null,
        "key": undefined,
        "nodeType": "host",
        "props": Object {
          "children": <ItemGroup
            divided={true}
          >
            <Item>
              <ItemImage
                size="tiny"
                src="https://via.placeholder.com/50"
              />
              <ItemContent>
                <ItemHeader>
                  Learning Event Test Title
                </ItemHeader>
                <ItemMeta>
                  No Data
                </ItemMeta>
              </ItemContent>
            </Item>
          </ItemGroup>,
        },
        "ref": null,
        "rendered": Object {
          "instance": null,
          "key": undefined,
          "nodeType": "function",
          "props": Object {
            "children": <Item>
              <ItemImage
                size="tiny"
                src="https://via.placeholder.com/50"
              />
              <ItemContent>
                <ItemHeader>
                  Learning Event Test Title
                </ItemHeader>
                <ItemMeta>
                  No Data
                </ItemMeta>
              </ItemContent>
            </Item>,
            "divided": true,
          },
          "ref": null,
          "rendered": Object {
            "instance": null,
            "key": undefined,
            "nodeType": "function",
            "props": Object {
              "children": Array [
                <ItemImage
                  size="tiny"
                  src="https://via.placeholder.com/50"
                />,
                <ItemContent>
                  <ItemHeader>
                    Learning Event Test Title
                  </ItemHeader>
                  <ItemMeta>
                    No Data
                  </ItemMeta>
                </ItemContent>,
              ],
            },
            "ref": null,
            "rendered": Array [
              Object {
                "instance": null,
                "key": undefined,
                "nodeType": "function",
                "props": Object {
                  "size": "tiny",
                  "src": "https://via.placeholder.com/50",
                },
                "ref": null,
                "rendered": null,
                "type": [Function],
              },
              Object {
                "instance": null,
                "key": undefined,
                "nodeType": "function",
                "props": Object {
                  "children": Array [
                    <ItemHeader>
                      Learning Event Test Title
                    </ItemHeader>,
                    <ItemMeta>
                      No Data
                    </ItemMeta>,
                  ],
                },
                "ref": null,
                "rendered": Array [
                  Object {
                    "instance": null,
                    "key": undefined,
                    "nodeType": "function",
                    "props": Object {
                      "children": "Learning Event Test Title",
                    },
                    "ref": null,
                    "rendered": "Learning Event Test Title",
                    "type": [Function],
                  },
                  Object {
                    "instance": null,
                    "key": undefined,
                    "nodeType": "function",
                    "props": Object {
                      "children": "No Data",
                    },
                    "ref": null,
                    "rendered": "No Data",
                    "type": [Function],
                  },
                ],
                "type": [Function],
              },
            ],
            "type": [Function],
          },
          "type": [Function],
        },
        "type": "div",
      },
      "type": [Function],
    },
  ],
  Symbol(enzyme.__options__): Object {
    "adapter": ReactSixteenAdapter {
      "options": Object {
        "enableComponentDidUpdateOnSetState": true,
        "lifecycles": Object {
          "componentDidUpdate": Object {
            "onSetState": true,
          },
          "getDerivedStateFromProps": true,
          "getSnapshotBeforeUpdate": true,
          "setState": Object {
            "skipsComponentDidUpdateOnNullish": true,
          },
        },
      },
    },
  },
}
`;
