// Jest Snapshot v1, https://goo.gl/fbAQLP

exports[`NavigationLearningObjective should render correctly 1`] = `
ShallowWrapper {
  Symbol(enzyme.__root__): [Circular],
  Symbol(enzyme.__unrendered__): <NavigationLearningObjective />,
  Symbol(enzyme.__renderer__): Object {
    "batchedUpdates": [Function],
    "getNode": [Function],
    "render": [Function],
    "simulateError": [Function],
    "simulateEvent": [Function],
    "unmount": [Function],
  },
  Symbol(enzyme.__node__): Object {
    "instance": null,
    "key": undefined,
    "nodeType": "host",
    "props": Object {
      "children": Array [
        <em>
          0 Topics
          , 1 hour 24 minutes
        </em>,
        <br />,
        <p
          className="topic-description"
        >
          Lorem ipsum dolor sit amet, consectetur adipiscing elit. Donec eu viverra dolor. In pharetra non nunc vitae cursus. Donec fermentum vestibulum orci ut aliquam. Phasellus eu arcu scelerisque, pretium massa eget, semper justo.
        </p>,
        <Divider />,
        Array [],
      ],
    },
    "ref": null,
    "rendered": Array [
      Object {
        "instance": null,
        "key": undefined,
        "nodeType": "host",
        "props": Object {
          "children": Array [
            "0 Topics",
            ", 1 hour 24 minutes",
          ],
        },
        "ref": null,
        "rendered": Array [
          "0 Topics",
          ", 1 hour 24 minutes",
        ],
        "type": "em",
      },
      Object {
        "instance": null,
        "key": undefined,
        "nodeType": "host",
        "props": Object {},
        "ref": null,
        "rendered": null,
        "type": "br",
      },
      Object {
        "instance": null,
        "key": undefined,
        "nodeType": "host",
        "props": Object {
          "children": "Lorem ipsum dolor sit amet, consectetur adipiscing elit. Donec eu viverra dolor. In pharetra non nunc vitae cursus. Donec fermentum vestibulum orci ut aliquam. Phasellus eu arcu scelerisque, pretium massa eget, semper justo.",
          "className": "topic-description",
        },
        "ref": null,
        "rendered": "Lorem ipsum dolor sit amet, consectetur adipiscing elit. Donec eu viverra dolor. In pharetra non nunc vitae cursus. Donec fermentum vestibulum orci ut aliquam. Phasellus eu arcu scelerisque, pretium massa eget, semper justo.",
        "type": "p",
      },
      Object {
        "instance": null,
        "key": undefined,
        "nodeType": "function",
        "props": Object {},
        "ref": null,
        "rendered": null,
        "type": [Function],
      },
    ],
    "type": "div",
  },
  Symbol(enzyme.__nodes__): Array [
    Object {
      "instance": null,
      "key": undefined,
      "nodeType": "host",
      "props": Object {
        "children": Array [
          <em>
            0 Topics
            , 1 hour 24 minutes
          </em>,
          <br />,
          <p
            className="topic-description"
          >
            Lorem ipsum dolor sit amet, consectetur adipiscing elit. Donec eu viverra dolor. In pharetra non nunc vitae cursus. Donec fermentum vestibulum orci ut aliquam. Phasellus eu arcu scelerisque, pretium massa eget, semper justo.
          </p>,
          <Divider />,
          Array [],
        ],
      },
      "ref": null,
      "rendered": Array [
        Object {
          "instance": null,
          "key": undefined,
          "nodeType": "host",
          "props": Object {
            "children": Array [
              "0 Topics",
              ", 1 hour 24 minutes",
            ],
          },
          "ref": null,
          "rendered": Array [
            "0 Topics",
            ", 1 hour 24 minutes",
          ],
          "type": "em",
        },
        Object {
          "instance": null,
          "key": undefined,
          "nodeType": "host",
          "props": Object {},
          "ref": null,
          "rendered": null,
          "type": "br",
        },
        Object {
          "instance": null,
          "key": undefined,
          "nodeType": "host",
          "props": Object {
            "children": "Lorem ipsum dolor sit amet, consectetur adipiscing elit. Donec eu viverra dolor. In pharetra non nunc vitae cursus. Donec fermentum vestibulum orci ut aliquam. Phasellus eu arcu scelerisque, pretium massa eget, semper justo.",
            "className": "topic-description",
          },
          "ref": null,
          "rendered": "Lorem ipsum dolor sit amet, consectetur adipiscing elit. Donec eu viverra dolor. In pharetra non nunc vitae cursus. Donec fermentum vestibulum orci ut aliquam. Phasellus eu arcu scelerisque, pretium massa eget, semper justo.",
          "type": "p",
        },
        Object {
          "instance": null,
          "key": undefined,
          "nodeType": "function",
          "props": Object {},
          "ref": null,
          "rendered": null,
          "type": [Function],
        },
      ],
      "type": "div",
    },
  ],
  Symbol(enzyme.__options__): Object {
    "adapter": ReactSixteenAdapter {
      "options": Object {
        "enableComponentDidUpdateOnSetState": true,
        "lifecycles": Object {
          "componentDidUpdate": Object {
            "onSetState": true,
          },
          "getDerivedStateFromProps": true,
          "getSnapshotBeforeUpdate": true,
          "setState": Object {
            "skipsComponentDidUpdateOnNullish": true,
          },
        },
      },
    },
  },
}
`;
