// Jest Snapshot v1, https://goo.gl/fbAQLP

exports[`NavigationMenu should render correctly 1`] = `
ShallowWrapper {
  Symbol(enzyme.__root__): [Circular],
  Symbol(enzyme.__unrendered__): <NavigationMenu />,
  Symbol(enzyme.__renderer__): Object {
    "batchedUpdates": [Function],
    "getNode": [Function],
    "render": [Function],
    "simulateError": [Function],
    "simulateEvent": [Function],
    "unmount": [Function],
  },
  Symbol(enzyme.__node__): Object {
    "instance": null,
    "key": undefined,
    "nodeType": "class",
    "props": Object {
      "children": Array [
        <MenuItem
          active={true}
          as={[Function]}
          name="dashboard"
          onClick={[Function]}
          to="/"
        >
          Dashboard
        </MenuItem>,
        <MenuItem
          active={false}
          as={[Function]}
          name="learning_paths"
          onClick={[Function]}
          to="/learning_paths"
        >
          Learning Paths
        </MenuItem>,
        <MenuMenu>
          
        </MenuMenu>,
      ],
      "vertical": true,
    },
    "ref": null,
    "rendered": Array [
      Object {
        "instance": null,
        "key": undefined,
        "nodeType": "class",
        "props": Object {
          "active": true,
          "as": [Function],
          "children": "Dashboard",
          "name": "dashboard",
          "onClick": [Function],
          "to": "/",
        },
        "ref": null,
        "rendered": "Dashboard",
        "type": [Function],
      },
      Object {
        "instance": null,
        "key": undefined,
        "nodeType": "class",
        "props": Object {
          "active": false,
          "as": [Function],
          "children": "Learning Paths",
          "name": "learning_paths",
          "onClick": [Function],
          "to": "/learning_paths",
        },
        "ref": null,
        "rendered": "Learning Paths",
        "type": [Function],
      },
      Object {
        "instance": null,
        "key": undefined,
        "nodeType": "function",
        "props": Object {
          "children": "",
        },
        "ref": null,
        "rendered": "",
        "type": [Function],
      },
    ],
    "type": [Function],
  },
  Symbol(enzyme.__nodes__): Array [
    Object {
      "instance": null,
      "key": undefined,
      "nodeType": "class",
      "props": Object {
        "children": Array [
          <MenuItem
            active={true}
            as={[Function]}
            name="dashboard"
            onClick={[Function]}
            to="/"
          >
            Dashboard
          </MenuItem>,
          <MenuItem
            active={false}
            as={[Function]}
            name="learning_paths"
            onClick={[Function]}
            to="/learning_paths"
          >
            Learning Paths
          </MenuItem>,
          <MenuMenu>
            
          </MenuMenu>,
        ],
        "vertical": true,
      },
      "ref": null,
      "rendered": Array [
        Object {
          "instance": null,
          "key": undefined,
          "nodeType": "class",
          "props": Object {
            "active": true,
            "as": [Function],
            "children": "Dashboard",
            "name": "dashboard",
            "onClick": [Function],
            "to": "/",
          },
          "ref": null,
          "rendered": "Dashboard",
          "type": [Function],
        },
        Object {
          "instance": null,
          "key": undefined,
          "nodeType": "class",
          "props": Object {
            "active": false,
            "as": [Function],
            "children": "Learning Paths",
            "name": "learning_paths",
            "onClick": [Function],
            "to": "/learning_paths",
          },
          "ref": null,
          "rendered": "Learning Paths",
          "type": [Function],
        },
        Object {
          "instance": null,
          "key": undefined,
          "nodeType": "function",
          "props": Object {
            "children": "",
          },
          "ref": null,
          "rendered": "",
          "type": [Function],
        },
      ],
      "type": [Function],
    },
  ],
  Symbol(enzyme.__options__): Object {
    "adapter": ReactSixteenAdapter {
      "options": Object {
        "enableComponentDidUpdateOnSetState": true,
        "lifecycles": Object {
          "componentDidUpdate": Object {
            "onSetState": true,
          },
          "getDerivedStateFromProps": true,
          "getSnapshotBeforeUpdate": true,
          "setState": Object {
            "skipsComponentDidUpdateOnNullish": true,
          },
        },
      },
    },
  },
}
`;
