// Jest Snapshot v1, https://goo.gl/fbAQLP

exports[`LearningPathAbout should render correctly 1`] = `
ShallowWrapper {
  Symbol(enzyme.__root__): [Circular],
  Symbol(enzyme.__unrendered__): <LearningPathAbout />,
  Symbol(enzyme.__renderer__): Object {
    "batchedUpdates": [Function],
    "getNode": [Function],
    "render": [Function],
    "simulateError": [Function],
    "simulateEvent": [Function],
    "unmount": [Function],
  },
  Symbol(enzyme.__node__): Object {
    "instance": null,
    "key": undefined,
    "nodeType": "class",
    "props": Object {
      "centered": true,
      "children": Array [
        <LearningPathAboutPage
          handleClose={[Function]}
          nextPage={[Function]}
          page={1}
        />,
        <ModalActions>
          <Grid
            verticalAlign="middle"
          >
            <GridRow>
              <GridColumn
                textAlign="left"
                width={4}
              >
                <Button
                  as="button"
                  onClick={[Function]}
                  role="button"
                >
                  Skip
                </Button>
              </GridColumn>
              <GridColumn
                textAlign="center"
                width={8}
              >
                <Icon
                  as="i"
                  name="circle"
                  onClick={[Function]}
                  style={
                    Object {
                      "color": "green",
                      "marginRight": "10px",
                    }
                  }
                />
                <Icon
                  as="i"
                  name="circle"
                  onClick={[Function]}
                  style={
                    Object {
                      "color": "gray",
                      "marginRight": "10px",
                    }
                  }
                />
                <Icon
                  as="i"
                  name="circle"
                  onClick={[Function]}
                  style={
                    Object {
                      "color": "gray",
                      "marginRight": "10px",
                    }
                  }
                />
                <Icon
                  as="i"
                  name="circle"
                  onClick={[Function]}
                  style={
                    Object {
                      "color": "gray",
                    }
                  }
                />
              </GridColumn>
            </GridRow>
          </Grid>
        </ModalActions>,
      ],
      "closeOnDimmerClick": true,
      "closeOnDocumentClick": false,
      "dimmer": true,
      "eventPool": "Modal",
      "onClose": [Function],
      "open": false,
      "trigger": <Button
        as="button"
        onClick={[Function]}
        role="button"
      >
        About
      </Button>,
    },
    "ref": null,
    "rendered": Array [
      Object {
        "instance": null,
        "key": undefined,
        "nodeType": "function",
        "props": Object {
          "handleClose": [Function],
          "nextPage": [Function],
          "page": 1,
        },
        "ref": null,
        "rendered": null,
        "type": [Function],
      },
      Object {
        "instance": null,
        "key": undefined,
        "nodeType": "class",
        "props": Object {
          "children": <Grid
            verticalAlign="middle"
          >
            <GridRow>
              <GridColumn
                textAlign="left"
                width={4}
              >
                <Button
                  as="button"
                  onClick={[Function]}
                  role="button"
                >
                  Skip
                </Button>
              </GridColumn>
              <GridColumn
                textAlign="center"
                width={8}
              >
                <Icon
                  as="i"
                  name="circle"
                  onClick={[Function]}
                  style={
                    Object {
                      "color": "green",
                      "marginRight": "10px",
                    }
                  }
                />
                <Icon
                  as="i"
                  name="circle"
                  onClick={[Function]}
                  style={
                    Object {
                      "color": "gray",
                      "marginRight": "10px",
                    }
                  }
                />
                <Icon
                  as="i"
                  name="circle"
                  onClick={[Function]}
                  style={
                    Object {
                      "color": "gray",
                      "marginRight": "10px",
                    }
                  }
                />
                <Icon
                  as="i"
                  name="circle"
                  onClick={[Function]}
                  style={
                    Object {
                      "color": "gray",
                    }
                  }
                />
              </GridColumn>
            </GridRow>
          </Grid>,
        },
        "ref": null,
        "rendered": Object {
          "instance": null,
          "key": undefined,
          "nodeType": "function",
          "props": Object {
            "children": <GridRow>
              <GridColumn
                textAlign="left"
                width={4}
              >
                <Button
                  as="button"
                  onClick={[Function]}
                  role="button"
                >
                  Skip
                </Button>
              </GridColumn>
              <GridColumn
                textAlign="center"
                width={8}
              >
                <Icon
                  as="i"
                  name="circle"
                  onClick={[Function]}
                  style={
                    Object {
                      "color": "green",
                      "marginRight": "10px",
                    }
                  }
                />
                <Icon
                  as="i"
                  name="circle"
                  onClick={[Function]}
                  style={
                    Object {
                      "color": "gray",
                      "marginRight": "10px",
                    }
                  }
                />
                <Icon
                  as="i"
                  name="circle"
                  onClick={[Function]}
                  style={
                    Object {
                      "color": "gray",
                      "marginRight": "10px",
                    }
                  }
                />
                <Icon
                  as="i"
                  name="circle"
                  onClick={[Function]}
                  style={
                    Object {
                      "color": "gray",
                    }
                  }
                />
              </GridColumn>
            </GridRow>,
            "verticalAlign": "middle",
          },
          "ref": null,
          "rendered": Object {
            "instance": null,
            "key": undefined,
            "nodeType": "function",
            "props": Object {
              "children": Array [
                <GridColumn
                  textAlign="left"
                  width={4}
                >
                  <Button
                    as="button"
                    onClick={[Function]}
                    role="button"
                  >
                    Skip
                  </Button>
                </GridColumn>,
                <GridColumn
                  textAlign="center"
                  width={8}
                >
                  <Icon
                    as="i"
                    name="circle"
                    onClick={[Function]}
                    style={
                      Object {
                        "color": "green",
                        "marginRight": "10px",
                      }
                    }
                  />
                  <Icon
                    as="i"
                    name="circle"
                    onClick={[Function]}
                    style={
                      Object {
                        "color": "gray",
                        "marginRight": "10px",
                      }
                    }
                  />
                  <Icon
                    as="i"
                    name="circle"
                    onClick={[Function]}
                    style={
                      Object {
                        "color": "gray",
                        "marginRight": "10px",
                      }
                    }
                  />
                  <Icon
                    as="i"
                    name="circle"
                    onClick={[Function]}
                    style={
                      Object {
                        "color": "gray",
                      }
                    }
                  />
                </GridColumn>,
              ],
            },
            "ref": null,
            "rendered": Array [
              Object {
                "instance": null,
                "key": undefined,
                "nodeType": "function",
                "props": Object {
                  "children": <Button
                    as="button"
                    onClick={[Function]}
                    role="button"
                  >
                    Skip
                  </Button>,
                  "textAlign": "left",
                  "width": 4,
                },
                "ref": null,
                "rendered": Object {
                  "instance": null,
                  "key": undefined,
                  "nodeType": "class",
                  "props": Object {
                    "as": "button",
                    "children": "Skip",
                    "onClick": [Function],
                    "role": "button",
                  },
                  "ref": null,
                  "rendered": "Skip",
                  "type": [Function],
                },
                "type": [Function],
              },
              Object {
                "instance": null,
                "key": undefined,
                "nodeType": "function",
                "props": Object {
                  "children": Array [
                    <Icon
                      as="i"
                      name="circle"
                      onClick={[Function]}
                      style={
                        Object {
                          "color": "green",
                          "marginRight": "10px",
                        }
                      }
                    />,
                    <Icon
                      as="i"
                      name="circle"
                      onClick={[Function]}
                      style={
                        Object {
                          "color": "gray",
                          "marginRight": "10px",
                        }
                      }
                    />,
                    <Icon
                      as="i"
                      name="circle"
                      onClick={[Function]}
                      style={
                        Object {
                          "color": "gray",
                          "marginRight": "10px",
                        }
                      }
                    />,
                    <Icon
                      as="i"
                      name="circle"
                      onClick={[Function]}
                      style={
                        Object {
                          "color": "gray",
                        }
                      }
                    />,
                  ],
                  "textAlign": "center",
                  "width": 8,
                },
                "ref": null,
                "rendered": Array [
                  Object {
                    "instance": null,
                    "key": undefined,
                    "nodeType": "class",
                    "props": Object {
                      "as": "i",
                      "name": "circle",
                      "onClick": [Function],
                      "style": Object {
                        "color": "green",
                        "marginRight": "10px",
                      },
                    },
                    "ref": null,
                    "rendered": null,
                    "type": [Function],
                  },
                  Object {
                    "instance": null,
                    "key": undefined,
                    "nodeType": "class",
                    "props": Object {
                      "as": "i",
                      "name": "circle",
                      "onClick": [Function],
                      "style": Object {
                        "color": "gray",
                        "marginRight": "10px",
                      },
                    },
                    "ref": null,
                    "rendered": null,
                    "type": [Function],
                  },
                  Object {
                    "instance": null,
                    "key": undefined,
                    "nodeType": "class",
                    "props": Object {
                      "as": "i",
                      "name": "circle",
                      "onClick": [Function],
                      "style": Object {
                        "color": "gray",
                        "marginRight": "10px",
                      },
                    },
                    "ref": null,
                    "rendered": null,
                    "type": [Function],
                  },
                  Object {
                    "instance": null,
                    "key": undefined,
                    "nodeType": "class",
                    "props": Object {
                      "as": "i",
                      "name": "circle",
                      "onClick": [Function],
                      "style": Object {
                        "color": "gray",
                      },
                    },
                    "ref": null,
                    "rendered": null,
                    "type": [Function],
                  },
                ],
                "type": [Function],
              },
            ],
            "type": [Function],
          },
          "type": [Function],
        },
        "type": [Function],
      },
    ],
    "type": [Function],
  },
  Symbol(enzyme.__nodes__): Array [
    Object {
      "instance": null,
      "key": undefined,
      "nodeType": "class",
      "props": Object {
        "centered": true,
        "children": Array [
          <LearningPathAboutPage
            handleClose={[Function]}
            nextPage={[Function]}
            page={1}
          />,
          <ModalActions>
            <Grid
              verticalAlign="middle"
            >
              <GridRow>
                <GridColumn
                  textAlign="left"
                  width={4}
                >
                  <Button
                    as="button"
                    onClick={[Function]}
                    role="button"
                  >
                    Skip
                  </Button>
                </GridColumn>
                <GridColumn
                  textAlign="center"
                  width={8}
                >
                  <Icon
                    as="i"
                    name="circle"
                    onClick={[Function]}
                    style={
                      Object {
                        "color": "green",
                        "marginRight": "10px",
                      }
                    }
                  />
                  <Icon
                    as="i"
                    name="circle"
                    onClick={[Function]}
                    style={
                      Object {
                        "color": "gray",
                        "marginRight": "10px",
                      }
                    }
                  />
                  <Icon
                    as="i"
                    name="circle"
                    onClick={[Function]}
                    style={
                      Object {
                        "color": "gray",
                        "marginRight": "10px",
                      }
                    }
                  />
                  <Icon
                    as="i"
                    name="circle"
                    onClick={[Function]}
                    style={
                      Object {
                        "color": "gray",
                      }
                    }
                  />
                </GridColumn>
              </GridRow>
            </Grid>
          </ModalActions>,
        ],
        "closeOnDimmerClick": true,
        "closeOnDocumentClick": false,
        "dimmer": true,
        "eventPool": "Modal",
        "onClose": [Function],
        "open": false,
        "trigger": <Button
          as="button"
          onClick={[Function]}
          role="button"
        >
          About
        </Button>,
      },
      "ref": null,
      "rendered": Array [
        Object {
          "instance": null,
          "key": undefined,
          "nodeType": "function",
          "props": Object {
            "handleClose": [Function],
            "nextPage": [Function],
            "page": 1,
          },
          "ref": null,
          "rendered": null,
          "type": [Function],
        },
        Object {
          "instance": null,
          "key": undefined,
          "nodeType": "class",
          "props": Object {
            "children": <Grid
              verticalAlign="middle"
            >
              <GridRow>
                <GridColumn
                  textAlign="left"
                  width={4}
                >
                  <Button
                    as="button"
                    onClick={[Function]}
                    role="button"
                  >
                    Skip
                  </Button>
                </GridColumn>
                <GridColumn
                  textAlign="center"
                  width={8}
                >
                  <Icon
                    as="i"
                    name="circle"
                    onClick={[Function]}
                    style={
                      Object {
                        "color": "green",
                        "marginRight": "10px",
                      }
                    }
                  />
                  <Icon
                    as="i"
                    name="circle"
                    onClick={[Function]}
                    style={
                      Object {
                        "color": "gray",
                        "marginRight": "10px",
                      }
                    }
                  />
                  <Icon
                    as="i"
                    name="circle"
                    onClick={[Function]}
                    style={
                      Object {
                        "color": "gray",
                        "marginRight": "10px",
                      }
                    }
                  />
                  <Icon
                    as="i"
                    name="circle"
                    onClick={[Function]}
                    style={
                      Object {
                        "color": "gray",
                      }
                    }
                  />
                </GridColumn>
              </GridRow>
            </Grid>,
          },
          "ref": null,
          "rendered": Object {
            "instance": null,
            "key": undefined,
            "nodeType": "function",
            "props": Object {
              "children": <GridRow>
                <GridColumn
                  textAlign="left"
                  width={4}
                >
                  <Button
                    as="button"
                    onClick={[Function]}
                    role="button"
                  >
                    Skip
                  </Button>
                </GridColumn>
                <GridColumn
                  textAlign="center"
                  width={8}
                >
                  <Icon
                    as="i"
                    name="circle"
                    onClick={[Function]}
                    style={
                      Object {
                        "color": "green",
                        "marginRight": "10px",
                      }
                    }
                  />
                  <Icon
                    as="i"
                    name="circle"
                    onClick={[Function]}
                    style={
                      Object {
                        "color": "gray",
                        "marginRight": "10px",
                      }
                    }
                  />
                  <Icon
                    as="i"
                    name="circle"
                    onClick={[Function]}
                    style={
                      Object {
                        "color": "gray",
                        "marginRight": "10px",
                      }
                    }
                  />
                  <Icon
                    as="i"
                    name="circle"
                    onClick={[Function]}
                    style={
                      Object {
                        "color": "gray",
                      }
                    }
                  />
                </GridColumn>
              </GridRow>,
              "verticalAlign": "middle",
            },
            "ref": null,
            "rendered": Object {
              "instance": null,
              "key": undefined,
              "nodeType": "function",
              "props": Object {
                "children": Array [
                  <GridColumn
                    textAlign="left"
                    width={4}
                  >
                    <Button
                      as="button"
                      onClick={[Function]}
                      role="button"
                    >
                      Skip
                    </Button>
                  </GridColumn>,
                  <GridColumn
                    textAlign="center"
                    width={8}
                  >
                    <Icon
                      as="i"
                      name="circle"
                      onClick={[Function]}
                      style={
                        Object {
                          "color": "green",
                          "marginRight": "10px",
                        }
                      }
                    />
                    <Icon
                      as="i"
                      name="circle"
                      onClick={[Function]}
                      style={
                        Object {
                          "color": "gray",
                          "marginRight": "10px",
                        }
                      }
                    />
                    <Icon
                      as="i"
                      name="circle"
                      onClick={[Function]}
                      style={
                        Object {
                          "color": "gray",
                          "marginRight": "10px",
                        }
                      }
                    />
                    <Icon
                      as="i"
                      name="circle"
                      onClick={[Function]}
                      style={
                        Object {
                          "color": "gray",
                        }
                      }
                    />
                  </GridColumn>,
                ],
              },
              "ref": null,
              "rendered": Array [
                Object {
                  "instance": null,
                  "key": undefined,
                  "nodeType": "function",
                  "props": Object {
                    "children": <Button
                      as="button"
                      onClick={[Function]}
                      role="button"
                    >
                      Skip
                    </Button>,
                    "textAlign": "left",
                    "width": 4,
                  },
                  "ref": null,
                  "rendered": Object {
                    "instance": null,
                    "key": undefined,
                    "nodeType": "class",
                    "props": Object {
                      "as": "button",
                      "children": "Skip",
                      "onClick": [Function],
                      "role": "button",
                    },
                    "ref": null,
                    "rendered": "Skip",
                    "type": [Function],
                  },
                  "type": [Function],
                },
                Object {
                  "instance": null,
                  "key": undefined,
                  "nodeType": "function",
                  "props": Object {
                    "children": Array [
                      <Icon
                        as="i"
                        name="circle"
                        onClick={[Function]}
                        style={
                          Object {
                            "color": "green",
                            "marginRight": "10px",
                          }
                        }
                      />,
                      <Icon
                        as="i"
                        name="circle"
                        onClick={[Function]}
                        style={
                          Object {
                            "color": "gray",
                            "marginRight": "10px",
                          }
                        }
                      />,
                      <Icon
                        as="i"
                        name="circle"
                        onClick={[Function]}
                        style={
                          Object {
                            "color": "gray",
                            "marginRight": "10px",
                          }
                        }
                      />,
                      <Icon
                        as="i"
                        name="circle"
                        onClick={[Function]}
                        style={
                          Object {
                            "color": "gray",
                          }
                        }
                      />,
                    ],
                    "textAlign": "center",
                    "width": 8,
                  },
                  "ref": null,
                  "rendered": Array [
                    Object {
                      "instance": null,
                      "key": undefined,
                      "nodeType": "class",
                      "props": Object {
                        "as": "i",
                        "name": "circle",
                        "onClick": [Function],
                        "style": Object {
                          "color": "green",
                          "marginRight": "10px",
                        },
                      },
                      "ref": null,
                      "rendered": null,
                      "type": [Function],
                    },
                    Object {
                      "instance": null,
                      "key": undefined,
                      "nodeType": "class",
                      "props": Object {
                        "as": "i",
                        "name": "circle",
                        "onClick": [Function],
                        "style": Object {
                          "color": "gray",
                          "marginRight": "10px",
                        },
                      },
                      "ref": null,
                      "rendered": null,
                      "type": [Function],
                    },
                    Object {
                      "instance": null,
                      "key": undefined,
                      "nodeType": "class",
                      "props": Object {
                        "as": "i",
                        "name": "circle",
                        "onClick": [Function],
                        "style": Object {
                          "color": "gray",
                          "marginRight": "10px",
                        },
                      },
                      "ref": null,
                      "rendered": null,
                      "type": [Function],
                    },
                    Object {
                      "instance": null,
                      "key": undefined,
                      "nodeType": "class",
                      "props": Object {
                        "as": "i",
                        "name": "circle",
                        "onClick": [Function],
                        "style": Object {
                          "color": "gray",
                        },
                      },
                      "ref": null,
                      "rendered": null,
                      "type": [Function],
                    },
                  ],
                  "type": [Function],
                },
              ],
              "type": [Function],
            },
            "type": [Function],
          },
          "type": [Function],
        },
      ],
      "type": [Function],
    },
  ],
  Symbol(enzyme.__options__): Object {
    "adapter": ReactSixteenAdapter {
      "options": Object {
        "enableComponentDidUpdateOnSetState": true,
        "lifecycles": Object {
          "componentDidUpdate": Object {
            "onSetState": true,
          },
          "getDerivedStateFromProps": true,
          "getSnapshotBeforeUpdate": true,
          "setState": Object {
            "skipsComponentDidUpdateOnNullish": true,
          },
        },
      },
    },
  },
}
`;
