// Jest Snapshot v1, https://goo.gl/fbAQLP

exports[`SubjectFilters should render correctly 1`] = `
ShallowWrapper {
  Symbol(enzyme.__root__): [Circular],
  Symbol(enzyme.__unrendered__): <SubjectFilters />,
  Symbol(enzyme.__renderer__): Object {
    "batchedUpdates": [Function],
    "getNode": [Function],
    "render": [Function],
    "simulateError": [Function],
    "simulateEvent": [Function],
    "unmount": [Function],
  },
  Symbol(enzyme.__node__): Object {
    "instance": null,
    "key": "finance",
    "nodeType": "function",
    "props": Object {
      "as": [Function],
      "control": [Function],
      "id": "finance",
      "label": Object {
        "children": "Finance",
      },
      "name": "subject",
      "value": "finance",
    },
    "ref": null,
    "rendered": null,
    "type": [Function],
  },
  Symbol(enzyme.__nodes__): Array [
    Object {
      "instance": null,
      "key": "finance",
      "nodeType": "function",
      "props": Object {
        "as": [Function],
        "control": [Function],
        "id": "finance",
        "label": Object {
          "children": "Finance",
        },
        "name": "subject",
        "value": "finance",
      },
      "ref": null,
      "rendered": null,
      "type": [Function],
    },
    Object {
      "instance": null,
      "key": "communications",
      "nodeType": "function",
      "props": Object {
        "as": [Function],
        "control": [Function],
        "id": "communications",
        "label": Object {
          "children": "Communications",
        },
        "name": "subject",
        "value": "communications",
      },
      "ref": null,
      "rendered": null,
      "type": [Function],
    },
    Object {
      "instance": null,
      "key": "management",
      "nodeType": "function",
      "props": Object {
        "as": [Function],
        "control": [Function],
        "id": "management",
        "label": Object {
          "children": "Management",
        },
        "name": "subject",
        "value": "management",
      },
      "ref": null,
      "rendered": null,
      "type": [Function],
    },
    Object {
      "instance": null,
      "key": "marketing",
      "nodeType": "function",
      "props": Object {
        "as": [Function],
        "control": [Function],
        "id": "marketing",
        "label": Object {
          "children": "Marketing",
        },
        "name": "subject",
        "value": "marketing",
      },
      "ref": null,
      "rendered": null,
      "type": [Function],
    },
    Object {
      "instance": null,
      "key": "sales",
      "nodeType": "function",
      "props": Object {
        "as": [Function],
        "control": [Function],
        "id": "sales",
        "label": Object {
          "children": "Sales",
        },
        "name": "subject",
        "value": "sales",
      },
      "ref": null,
      "rendered": null,
      "type": [Function],
    },
    Object {
      "instance": null,
      "key": "strategy",
      "nodeType": "function",
      "props": Object {
        "as": [Function],
        "control": [Function],
        "id": "strategy",
        "label": Object {
          "children": "Strategy",
        },
        "name": "subject",
        "value": "strategy",
      },
      "ref": null,
      "rendered": null,
      "type": [Function],
    },
  ],
  Symbol(enzyme.__options__): Object {
    "adapter": ReactSixteenAdapter {
      "options": Object {
        "enableComponentDidUpdateOnSetState": true,
        "lifecycles": Object {
          "componentDidUpdate": Object {
            "onSetState": true,
          },
          "getDerivedStateFromProps": true,
          "getSnapshotBeforeUpdate": true,
          "setState": Object {
            "skipsComponentDidUpdateOnNullish": true,
          },
        },
      },
    },
  },
}
`;
